// Jest Snapshot v1, https://goo.gl/fbAQLP

exports[`Custom Array Template renders the custom array template and adds an array 1`] = `
<div>
  <form
    class="rjsf"
  >
    <div
      class="form-group field field-array"
    >
      <div
        class="form-group"
      >
        <div
          class="metadata-editor-array-field"
          data-testid="custom-array-template"
        >
          <div
            class="h2-box"
          >
            <span
              class="h2-title"
            >
              Custom Array Field Test
            </span>
          </div>
          <p
            class="description-box"
          />
          <br />
          <div
            class="array-item element"
          >
            <div
              class="custom-array-template-remove-btn"
            >
              <div
                class="remove-header"
              >
                <div
                  class="h3-title"
                >
                  <span>
                    Custom Array Field Test
                  </span>
                  <span>
                     (1 of 2)
                  </span>
                </div>
                <button
                  class="btn"
                  data-testid="custom-array-template__remove-button--custom-array-field-test"
                  type="button"
                >
                  <span
                    class="remove-button"
                  >
                    <i
                      class="fa-solid fa-circle-minus fa-lg"
                    />
                  </span>
                   
                  <span
                    class="remove-label"
                  >
                     
                    Remove
                  </span>
                </button>
              </div>
            </div>
            <div
              class="custom-array-template-element"
            />
            <div
              class="mb-2  d-flex align-items-center row"
            >
              <div
                class="array-item col-lg-12 col-12"
                data-testid="custom-array-element"
              >
                <div
                  class="form-group field field-object"
                >
                  <div
                    class="form-group"
                  >
                    <div
                      class="p-0 container-fluid"
                    >
                      <div
                        class="row"
                        style="margin-bottom: 10px;"
                      >
                        <div
                          class="col-12"
                        >
                           
                          <div
                            class="form-group field field-string"
                          >
                            <div
                              class="form-group"
                            >
                              <label
                                class="form-label"
                                for="root_0_firstName"
                              >
                                First Name
                              </label>
                              <input
                                aria-describedby="root_0_firstName__error root_0_firstName__description root_0_firstName__help"
                                class="form-control"
                                id="root_0_firstName"
                                name="root_0_firstName"
                                placeholder=""
                                type="text"
                                value=""
                              />
                            </div>
                          </div>
                        </div>
                      </div>
                      <div
                        class="row"
                        style="margin-bottom: 10px;"
                      >
                        <div
                          class="col-12"
                        >
                           
                          <div
                            class="form-group field field-string"
                          >
                            <div
                              class="form-group"
                            >
                              <label
                                class="form-label"
                                for="root_0_lastName"
                              >
                                Last Name
                              </label>
                              <input
                                aria-describedby="root_0_lastName__error root_0_lastName__description root_0_lastName__help"
                                class="form-control"
                                id="root_0_lastName"
                                name="root_0_lastName"
                                placeholder=""
                                type="text"
                                value=""
                              />
                            </div>
                          </div>
                        </div>
                      </div>
                      <div
                        class="row"
                        style="margin-bottom: 10px;"
                      >
                        <div
                          class="col-12"
                        >
                           
                          <div
                            class="form-group field field-integer"
                          >
                            <div
                              class="form-group"
                            >
                              <label
                                class="form-label"
                                for="root_0_age"
                              >
                                Age
                              </label>
                              <input
                                aria-describedby="root_0_age__error root_0_age__description root_0_age__help"
                                class="form-control"
                                id="root_0_age"
                                name="root_0_age"
                                placeholder=""
                                step="1"
                                type="number"
                                value=""
                              />
                            </div>
                          </div>
                        </div>
                      </div>
                    </div>
                  </div>
                </div>
              </div>
            </div>
          </div>
          <div
            class="array-item element"
          >
            <div
              class="custom-array-template-remove-btn"
            >
              <div
                class="remove-header"
              >
                <div
                  class="h3-title"
                >
                  <span>
                    Custom Array Field Test
                  </span>
                  <span>
                     (2 of 2)
                  </span>
                </div>
                <button
                  class="btn"
                  data-testid="custom-array-template__remove-button--custom-array-field-test"
                  type="button"
                >
                  <span
                    class="remove-button"
                  >
                    <i
                      class="fa-solid fa-circle-minus fa-lg"
                    />
                  </span>
                   
                  <span
                    class="remove-label"
                  >
                     
                    Remove
                  </span>
                </button>
              </div>
            </div>
            <div
              class="custom-array-template-element"
            />
            <div
              class="mb-2  d-flex align-items-center row"
            >
              <div
                class="array-item col-lg-12 col-12"
                data-testid="custom-array-element"
              >
                <div
                  class="form-group field field-object"
                >
                  <div
                    class="form-group"
                  >
                    <div
                      class="p-0 container-fluid"
                    >
                      <div
                        class="row"
                        style="margin-bottom: 10px;"
                      >
                        <div
                          class="col-12"
                        >
                           
                          <div
                            class="form-group field field-string"
                          >
                            <div
                              class="form-group"
                            >
                              <label
                                class="form-label"
                                for="root_1_firstName"
                              >
                                First Name
                              </label>
                              <input
                                aria-describedby="root_1_firstName__error root_1_firstName__description root_1_firstName__help"
                                class="form-control"
                                id="root_1_firstName"
                                name="root_1_firstName"
                                placeholder=""
                                type="text"
                                value=""
                              />
                            </div>
                          </div>
                        </div>
                      </div>
                      <div
                        class="row"
                        style="margin-bottom: 10px;"
                      >
                        <div
                          class="col-12"
                        >
                           
                          <div
                            class="form-group field field-string"
                          >
                            <div
                              class="form-group"
                            >
                              <label
                                class="form-label"
                                for="root_1_lastName"
                              >
                                Last Name
                              </label>
                              <input
                                aria-describedby="root_1_lastName__error root_1_lastName__description root_1_lastName__help"
                                class="form-control"
                                id="root_1_lastName"
                                name="root_1_lastName"
                                placeholder=""
                                type="text"
                                value=""
                              />
                            </div>
                          </div>
                        </div>
                      </div>
                      <div
                        class="row"
                        style="margin-bottom: 10px;"
                      >
                        <div
                          class="col-12"
                        >
                           
                          <div
                            class="form-group field field-integer"
                          >
                            <div
                              class="form-group"
                            >
                              <label
                                class="form-label"
                                for="root_1_age"
                              >
                                Age
                              </label>
                              <input
                                aria-describedby="root_1_age__error root_1_age__description root_1_age__help"
                                class="form-control"
                                id="root_1_age"
                                name="root_1_age"
                                placeholder=""
                                step="1"
                                type="number"
                                value=""
                              />
                            </div>
                          </div>
                        </div>
                      </div>
                    </div>
                  </div>
                </div>
              </div>
            </div>
          </div>
          <div
            class="custom-array-template-add-btn add-header"
          >
            <button
              class="btn"
              data-testid="custom-array-template__add-button--custom-array-field-test"
              type="button"
            >
              <span
                class="add-button"
              >
                <i
                  class="fa-solid fa-circle-plus fa-lg"
                />
              </span>
               
              <span
                class="add-label"
              >
                <span
                  data-testid="custom-array-template-add-another-btn"
                >
                  Add another
                </span>
                 
                Custom Array Field Test
              </span>
            </button>
          </div>
        </div>
      </div>
    </div>
    <div>
      <button
        class="btn btn-primary"
        type="submit"
      >
        Submit
      </button>
    </div>
  </form>
</div>
`;

exports[`Custom Array Template renders the custom array template. 1.) Adds a field 2.) removes the added field 1`] = `
<div>
  <form
    class="rjsf"
  >
    <div
      class="form-group field field-array"
    >
      <div
        class="form-group"
      >
        <div
          class="metadata-editor-array-field"
          data-testid="custom-array-template"
        >
          <div
            class="h2-box"
          >
            <span
              class="h2-title"
            >
              Custom Array Field Test
            </span>
          </div>
          <p
            class="description-box"
          />
          <br />
          <div
            class="array-item element"
          >
            <div
              class="custom-array-template-remove-btn"
            >
              <div
                class="remove-header"
              >
                <div
                  class="h3-title"
                >
                  <span>
                    Custom Array Field Test
                  </span>
                  <span>
                     (1 of 2)
                  </span>
                </div>
                <button
                  class="btn"
                  data-testid="custom-array-template__remove-button--custom-array-field-test"
                  type="button"
                >
                  <span
                    class="remove-button"
                  >
                    <i
                      class="fa-solid fa-circle-minus fa-lg"
                    />
                  </span>
                   
                  <span
                    class="remove-label"
                  >
                     
                    Remove
                  </span>
                </button>
              </div>
            </div>
            <div
              class="custom-array-template-element"
            />
            <div
              class="mb-2  d-flex align-items-center row"
            >
              <div
                class="array-item col-lg-12 col-12"
                data-testid="custom-array-element"
              >
                <div
                  class="form-group field field-object"
                >
                  <div
                    class="form-group"
                  >
                    <div
                      class="p-0 container-fluid"
                    >
                      <div
                        class="row"
                        style="margin-bottom: 10px;"
                      >
                        <div
                          class="col-12"
                        >
                           
                          <div
                            class="form-group field field-string"
                          >
                            <div
                              class="form-group"
                            >
                              <label
                                class="form-label"
                                for="root_0_firstName"
                              >
                                First Name
                              </label>
                              <input
                                aria-describedby="root_0_firstName__error root_0_firstName__description root_0_firstName__help"
                                class="form-control"
                                id="root_0_firstName"
                                name="root_0_firstName"
                                placeholder=""
                                type="text"
                                value=""
                              />
                            </div>
                          </div>
                        </div>
                      </div>
                      <div
                        class="row"
                        style="margin-bottom: 10px;"
                      >
                        <div
                          class="col-12"
                        >
                           
                          <div
                            class="form-group field field-string"
                          >
                            <div
                              class="form-group"
                            >
                              <label
                                class="form-label"
                                for="root_0_lastName"
                              >
                                Last Name
                              </label>
                              <input
                                aria-describedby="root_0_lastName__error root_0_lastName__description root_0_lastName__help"
                                class="form-control"
                                id="root_0_lastName"
                                name="root_0_lastName"
                                placeholder=""
                                type="text"
                                value=""
                              />
                            </div>
                          </div>
                        </div>
                      </div>
                      <div
                        class="row"
                        style="margin-bottom: 10px;"
                      >
                        <div
                          class="col-12"
                        >
                           
                          <div
                            class="form-group field field-integer"
                          >
                            <div
                              class="form-group"
                            >
                              <label
                                class="form-label"
                                for="root_0_age"
                              >
                                Age
                              </label>
                              <input
                                aria-describedby="root_0_age__error root_0_age__description root_0_age__help"
                                class="form-control"
                                id="root_0_age"
                                name="root_0_age"
                                placeholder=""
                                step="1"
                                type="number"
                                value=""
                              />
                            </div>
                          </div>
                        </div>
                      </div>
                    </div>
                  </div>
                </div>
              </div>
            </div>
          </div>
          <div
            class="array-item element"
          >
            <div
              class="custom-array-template-remove-btn"
            >
              <div
                class="remove-header"
              >
                <div
                  class="h3-title"
                >
                  <span>
                    Custom Array Field Test
                  </span>
                  <span>
                     (2 of 2)
                  </span>
                </div>
                <button
                  class="btn"
                  data-testid="custom-array-template__remove-button--custom-array-field-test"
                  type="button"
                >
                  <span
                    class="remove-button"
                  >
                    <i
                      class="fa-solid fa-circle-minus fa-lg"
                    />
                  </span>
                   
                  <span
                    class="remove-label"
                  >
                     
                    Remove
                  </span>
                </button>
              </div>
            </div>
            <div
              class="custom-array-template-element"
            />
            <div
              class="mb-2  d-flex align-items-center row"
            >
              <div
                class="array-item col-lg-12 col-12"
                data-testid="custom-array-element"
              >
                <div
                  class="form-group field field-object"
                >
                  <div
                    class="form-group"
                  >
                    <div
                      class="p-0 container-fluid"
                    >
                      <div
                        class="row"
                        style="margin-bottom: 10px;"
                      >
                        <div
                          class="col-12"
                        >
                           
                          <div
                            class="form-group field field-string"
                          >
                            <div
                              class="form-group"
                            >
                              <label
                                class="form-label"
                                for="root_1_firstName"
                              >
                                First Name
                              </label>
                              <input
                                aria-describedby="root_1_firstName__error root_1_firstName__description root_1_firstName__help"
                                class="form-control"
                                id="root_1_firstName"
                                name="root_1_firstName"
                                placeholder=""
                                type="text"
                                value=""
                              />
                            </div>
                          </div>
                        </div>
                      </div>
                      <div
                        class="row"
                        style="margin-bottom: 10px;"
                      >
                        <div
                          class="col-12"
                        >
                           
                          <div
                            class="form-group field field-string"
                          >
                            <div
                              class="form-group"
                            >
                              <label
                                class="form-label"
                                for="root_1_lastName"
                              >
                                Last Name
                              </label>
                              <input
                                aria-describedby="root_1_lastName__error root_1_lastName__description root_1_lastName__help"
                                class="form-control"
                                id="root_1_lastName"
                                name="root_1_lastName"
                                placeholder=""
                                type="text"
                                value=""
                              />
                            </div>
                          </div>
                        </div>
                      </div>
                      <div
                        class="row"
                        style="margin-bottom: 10px;"
                      >
                        <div
                          class="col-12"
                        >
                           
                          <div
                            class="form-group field field-integer"
                          >
                            <div
                              class="form-group"
                            >
                              <label
                                class="form-label"
                                for="root_1_age"
                              >
                                Age
                              </label>
                              <input
                                aria-describedby="root_1_age__error root_1_age__description root_1_age__help"
                                class="form-control"
                                id="root_1_age"
                                name="root_1_age"
                                placeholder=""
                                step="1"
                                type="number"
                                value=""
                              />
                            </div>
                          </div>
                        </div>
                      </div>
                    </div>
                  </div>
                </div>
              </div>
            </div>
          </div>
          <div
            class="custom-array-template-add-btn add-header"
          >
            <button
              class="btn"
              data-testid="custom-array-template__add-button--custom-array-field-test"
              type="button"
            >
              <span
                class="add-button"
              >
                <i
                  class="fa-solid fa-circle-plus fa-lg"
                />
              </span>
               
              <span
                class="add-label"
              >
                <span
                  data-testid="custom-array-template-add-another-btn"
                >
                  Add another
                </span>
                 
                Custom Array Field Test
              </span>
            </button>
          </div>
        </div>
      </div>
    </div>
    <div>
      <button
        class="btn btn-primary"
        type="submit"
      >
        Submit
      </button>
    </div>
  </form>
</div>
`;
