---
http_interactions:
- request:
    method: post
    uri: https://testbed.echo.nasa.gov/echo-v10/OrderProcessingServicePortImpl
    body:
      encoding: UTF-8
      string: <?xml version="1.0" encoding="UTF-8"?><SOAP-ENV:Envelope xmlns:SOAP-ENV="http://schemas.xmlsoap.org/soap/envelope/"
        xmlns:xsd="http://www.w3.org/2001/XMLSchema" xmlns:xsi="http://www.w3.org/2001/XMLSchema-instance"><SOAP-ENV:Header/><SOAP-ENV:Body><ns2:AcceptProviderOrderCancellation
        xmlns:ns2="http://echo.nasa.gov/echo/v10" xmlns:ns3="http://echo.nasa.gov/echo/v10/types"
        xmlns:ns4="http://echo.nasa.gov/ingest/v10"><ns2:token>user_guid</ns2:token><ns2:orderGuid>test_order_guid</ns2:orderGuid><ns2:providerTrackingId>0600030378</ns2:providerTrackingId><ns2:catalogItemGuids><ns3:Item>G1000005028-DEV07</ns3:Item></ns2:catalogItemGuids><ns2:statusMessage>Running
        tests</ns2:statusMessage></ns2:AcceptProviderOrderCancellation><to_str/></SOAP-ENV:Body></SOAP-ENV:Envelope>
    headers:
      User-Agent:
      - Faraday v0.8.11
      Content-Type:
      - text/xml
  response:
    status:
      code: 200
      message:
    headers:
      strict-transport-security:
      - max-age=31536000
      date:
      - Wed, 15 Feb 2017 14:41:48 GMT
      accept:
      - text/xml, text/html, image/gif, image/jpeg, *; q=.2, */*; q=.2
      soapaction:
      - '""'
      content-type:
      - text/xml; charset=UTF-8
      content-length:
      - '332'
      server:
      - Jetty(9.2.z-SNAPSHOT)
      connection:
      - close
    body:
      encoding: UTF-8
      string: <SOAP-ENV:Envelope xmlns:SOAP-ENV="http://schemas.xmlsoap.org/soap/envelope/"><SOAP-ENV:Header/><SOAP-ENV:Body><ns2:AcceptProviderOrderCancellationResponse
        xmlns:ns2="http://echo.nasa.gov/echo/v10" xmlns:ns3="http://echo.nasa.gov/echo/v10/types"
        xmlns:ns4="http://echo.nasa.gov/echo/v10/faults"/></SOAP-ENV:Body></SOAP-ENV:Envelope>
    http_version:
  recorded_at: Wed, 15 Feb 2017 14:41:49 GMT
- request:
    method: post
    uri: https://testbed.echo.nasa.gov/echo-v10/OrderManagementServicePortImpl
    body:
      encoding: UTF-8
      string: <?xml version="1.0" encoding="UTF-8"?><SOAP-ENV:Envelope xmlns:SOAP-ENV="http://schemas.xmlsoap.org/soap/envelope/"
        xmlns:xsd="http://www.w3.org/2001/XMLSchema" xmlns:xsi="http://www.w3.org/2001/XMLSchema-instance"><SOAP-ENV:Header/><SOAP-ENV:Body><ns2:GetOrders
        xmlns:ns2="http://echo.nasa.gov/echo/v10" xmlns:ns3="http://echo.nasa.gov/echo/v10/types"
        xmlns:ns4="http://echo.nasa.gov/ingest/v10"><ns2:token>user_guid</ns2:token><ns2:orderGuids><ns3:Item>test_order_guid</ns3:Item></ns2:orderGuids></ns2:GetOrders><to_str/></SOAP-ENV:Body></SOAP-ENV:Envelope>
    headers:
      User-Agent:
      - Faraday v0.8.11
      Content-Type:
      - text/xml
  response:
    status:
      code: 200
      message:
    headers:
      strict-transport-security:
      - max-age=31536000
      date:
      - Wed, 15 Feb 2017 14:41:49 GMT
      accept:
      - text/xml, text/html, image/gif, image/jpeg, *; q=.2, */*; q=.2
      soapaction:
      - '""'
      content-type:
      - text/xml; charset=UTF-8
      content-length:
      - '4129'
      server:
      - Jetty(9.2.z-SNAPSHOT)
      connection:
      - close
    body:
      encoding: UTF-8
      string: |-
        <SOAP-ENV:Envelope xmlns:SOAP-ENV="http://schemas.xmlsoap.org/soap/envelope/"><SOAP-ENV:Header/><SOAP-ENV:Body><ns2:GetOrdersResponse xmlns:ns2="http://echo.nasa.gov/echo/v10" xmlns:ns3="http://echo.nasa.gov/echo/v10/types" xmlns:ns4="http://echo.nasa.gov/echo/v10/faults"><ns2:result><ns3:Item><ns3:OwnerGuid>4D4C94EF-3D03-B2D6-8BBE-335C7DD7D61B</ns3:OwnerGuid><ns3:UserDomain>OTHER</ns3:UserDomain><ns3:UserRegion>USA</ns3:UserRegion><ns3:Guid>test_order_guid</ns3:Guid><ns3:State>PROCESSING</ns3:State><ns3:CreationDate>2017-02-15T13:53:35.730Z</ns3:CreationDate><ns3:SubmissionDate>2017-02-15T13:53:40.762Z</ns3:SubmissionDate><ns3:LastUpdateDate>2017-02-15T13:53:43.700Z</ns3:LastUpdateDate><ns3:ShippingAddress><ns3:Guid>3AD49F22-BFD0-3A8C-6B74-4D4B53C16E18</ns3:Guid><ns3:Role>Order Contact</ns3:Role><ns3:FirstName>Alien</ns3:FirstName><ns3:LastName>Bobcat</ns3:LastName><ns3:Address><ns3:Guid>3F90C9B9-50BE-2727-666B-21BA3E0C49A6</ns3:Guid><ns3:UsFormat>true</ns3:UsFormat><ns3:Country>United States</ns3:Country></ns3:Address><ns3:Phones><ns3:Item><ns3:Guid>D4C6032D-7D9A-2CF3-A827-8A338D282E75</ns3:Guid><ns3:Number>0000000000</ns3:Number><ns3:PhoneNumberType>BUSINESS</ns3:PhoneNumberType></ns3:Item></ns3:Phones><ns3:Email>abobcat@nasa.gov</ns3:Email></ns3:ShippingAddress><ns3:BillingAddress><ns3:Guid>825C9348-C79D-1C28-0CFB-DA89C2A65C79</ns3:Guid><ns3:Role>Order Contact</ns3:Role><ns3:FirstName>Alien</ns3:FirstName><ns3:LastName>Bobcat</ns3:LastName><ns3:Address><ns3:Guid>373FC313-8BE3-F261-667D-F86051794EF9</ns3:Guid><ns3:UsFormat>true</ns3:UsFormat><ns3:Country>United States</ns3:Country></ns3:Address><ns3:Phones><ns3:Item><ns3:Guid>4D07D48D-EA3D-D5E5-9C39-B15965959499</ns3:Guid><ns3:Number>0000000000</ns3:Number><ns3:PhoneNumberType>BUSINESS</ns3:PhoneNumberType></ns3:Item></ns3:Phones><ns3:Email>abobcat@nasa.gov</ns3:Email></ns3:BillingAddress><ns3:ContactAddress><ns3:Guid>30315311-B91E-101F-C14B-D7CA2475F389</ns3:Guid><ns3:Role>Order Contact</ns3:Role><ns3:FirstName>Alien</ns3:FirstName><ns3:LastName>Bobcat</ns3:LastName><ns3:Address><ns3:Guid>96AAA225-01F0-7722-B6C1-9C45EA950FCD</ns3:Guid><ns3:UsFormat>true</ns3:UsFormat><ns3:Country>United States</ns3:Country></ns3:Address><ns3:Phones><ns3:Item><ns3:Guid>B1F207CE-C2E3-CA2C-BB8A-EA0D9E897B59</ns3:Guid><ns3:Number>0000000000</ns3:Number><ns3:PhoneNumberType>BUSINESS</ns3:PhoneNumberType></ns3:Item></ns3:Phones><ns3:Email>abobcat@nasa.gov</ns3:Email></ns3:ContactAddress><ns3:NotifyLevel>INFO</ns3:NotifyLevel><ns3:ClientIdentity>Mw9_IJ-1U-zSz8uKSrgVlQ</ns3:ClientIdentity><ns3:OrderPrice>0.0</ns3:OrderPrice><ns3:ProviderOrders><ns3:Item><ns3:Guid><ns3:ProviderGuid>1282C3FE-6892-81C3-A86B-594FDCC13AF3</ns3:ProviderGuid><ns3:OrderGuid>test_order_guid</ns3:OrderGuid></ns3:Guid><ns3:ProviderTrackingId>0600030378</ns3:ProviderTrackingId><ns3:State>PROCESSING</ns3:State><ns3:OrderReceipt><ns3:LatestCancelDate>2017-02-15T13:53:43.227Z</ns3:LatestCancelDate><ns3:EstimatedShipDate>2017-02-15T13:53:43.227Z</ns3:EstimatedShipDate><ns3:AcceptanceDate>2017-02-15T13:53:43.620Z</ns3:AcceptanceDate><ns3:Pricing><ns3:TotalPrice>0.0</ns3:TotalPrice><ns3:DataPrice>0.0</ns3:DataPrice><ns3:MediaPrice>0.0</ns3:MediaPrice><ns3:ShippingFee>0.0</ns3:ShippingFee><ns3:HandlingFee>0.0</ns3:HandlingFee><ns3:Discount>0.0</ns3:Discount><ns3:QuantityOfMedia>0</ns3:QuantityOfMedia></ns3:Pricing></ns3:OrderReceipt><ns3:StatusMessage>Wed Feb 15 08:53:36 EST 2017 : ECHO: Transitioning from state [null] to state [NOT_VALIDATED]
        Wed Feb 15 08:53:40 EST 2017 : ECHO: Transitioning from state [NOT_VALIDATED] to state [VALIDATED]
        Wed Feb 15 08:53:40 EST 2017 : ECHO: Transitioning from state [VALIDATED] to state [SUBMITTING]
        Wed Feb 15 08:53:43 EST 2017 : Order received
        Wed Feb 15 08:53:43 EST 2017 : ECHO: Transitioning from state [SUBMITTING] to state [PROCESSING]
        Wed Feb 15 09:05:50 EST 2017 : Running tests
        Wed Feb 15 09:41:48 EST 2017 : Running tests
        </ns3:StatusMessage></ns3:Item></ns3:ProviderOrders></ns3:Item></ns2:result></ns2:GetOrdersResponse></SOAP-ENV:Body></SOAP-ENV:Envelope>
    http_version:
  recorded_at: Wed, 15 Feb 2017 14:41:49 GMT
- request:
    method: post
    uri: https://testbed.echo.nasa.gov/echo-v10/ProviderServicePortImpl
    body:
      encoding: UTF-8
      string: <?xml version="1.0" encoding="UTF-8"?><SOAP-ENV:Envelope xmlns:SOAP-ENV="http://schemas.xmlsoap.org/soap/envelope/"
        xmlns:xsd="http://www.w3.org/2001/XMLSchema" xmlns:xsi="http://www.w3.org/2001/XMLSchema-instance"><SOAP-ENV:Header/><SOAP-ENV:Body><ns2:GetProviderNames
        xmlns:ns2="http://echo.nasa.gov/echo/v10" xmlns:ns3="http://echo.nasa.gov/echo/v10/types"
        xmlns:ns4="http://echo.nasa.gov/ingest/v10"><ns2:token>user_guid</ns2:token><ns2:guids><ns3:Item>1282C3FE-6892-81C3-A86B-594FDCC13AF3</ns3:Item></ns2:guids></ns2:GetProviderNames><to_str/></SOAP-ENV:Body></SOAP-ENV:Envelope>
    headers:
      User-Agent:
      - Faraday v0.8.11
      Content-Type:
      - text/xml
  response:
    status:
      code: 200
      message:
    headers:
      strict-transport-security:
      - max-age=31536000
      date:
      - Wed, 15 Feb 2017 14:41:49 GMT
      accept:
      - text/xml, text/html, image/gif, image/jpeg, *; q=.2, */*; q=.2
      soapaction:
      - '""'
      content-type:
      - text/xml; charset=UTF-8
      content-length:
      - '476'
      server:
      - Jetty(9.2.z-SNAPSHOT)
      connection:
      - close
    body:
      encoding: UTF-8
      string: <SOAP-ENV:Envelope xmlns:SOAP-ENV="http://schemas.xmlsoap.org/soap/envelope/"><SOAP-ENV:Header/><SOAP-ENV:Body><ns2:GetProviderNamesResponse
        xmlns:ns2="http://echo.nasa.gov/echo/v10" xmlns:ns3="http://echo.nasa.gov/echo/v10/types"
        xmlns:ns4="http://echo.nasa.gov/echo/v10/faults"><ns2:result><ns3:Item><ns3:Name>DEV07</ns3:Name><ns3:Guid>1282C3FE-6892-81C3-A86B-594FDCC13AF3</ns3:Guid></ns3:Item></ns2:result></ns2:GetProviderNamesResponse></SOAP-ENV:Body></SOAP-ENV:Envelope>
    http_version:
  recorded_at: Wed, 15 Feb 2017 14:41:50 GMT
- request:
    method: post
    uri: https://testbed.echo.nasa.gov/echo-v10/OrderManagementServicePortImpl
    body:
      encoding: UTF-8
      string: <?xml version="1.0" encoding="UTF-8"?><SOAP-ENV:Envelope xmlns:SOAP-ENV="http://schemas.xmlsoap.org/soap/envelope/"
        xmlns:xsd="http://www.w3.org/2001/XMLSchema" xmlns:xsi="http://www.w3.org/2001/XMLSchema-instance"><SOAP-ENV:Header/><SOAP-ENV:Body><ns2:GetOrderItemNamesByProviderOrder
        xmlns:ns2="http://echo.nasa.gov/echo/v10" xmlns:ns3="http://echo.nasa.gov/echo/v10/types"
        xmlns:ns4="http://echo.nasa.gov/ingest/v10"><ns2:token>user_guid</ns2:token><ns2:providerOrderGuids><ns3:Item><ns3:ProviderGuid>1282C3FE-6892-81C3-A86B-594FDCC13AF3</ns3:ProviderGuid><ns3:OrderGuid>test_order_guid</ns3:OrderGuid></ns3:Item></ns2:providerOrderGuids></ns2:GetOrderItemNamesByProviderOrder><to_str/></SOAP-ENV:Body></SOAP-ENV:Envelope>
    headers:
      User-Agent:
      - Faraday v0.8.11
      Content-Type:
      - text/xml
  response:
    status:
      code: 200
      message:
    headers:
      strict-transport-security:
      - max-age=31536000
      date:
      - Wed, 15 Feb 2017 14:41:49 GMT
      accept:
      - text/xml, text/html, image/gif, image/jpeg, *; q=.2, */*; q=.2
      soapaction:
      - '""'
      content-type:
      - text/xml; charset=UTF-8
      content-length:
      - '752'
      server:
      - Jetty(9.2.z-SNAPSHOT)
      connection:
      - close
    body:
      encoding: UTF-8
      string: <SOAP-ENV:Envelope xmlns:SOAP-ENV="http://schemas.xmlsoap.org/soap/envelope/"><SOAP-ENV:Header/><SOAP-ENV:Body><ns2:GetOrderItemNamesByProviderOrderResponse
        xmlns:ns2="http://echo.nasa.gov/echo/v10" xmlns:ns3="http://echo.nasa.gov/echo/v10/types"
        xmlns:ns4="http://echo.nasa.gov/echo/v10/faults"><ns2:result><ns3:Item><ns3:Name>G1000005034-DEV07</ns3:Name><ns3:Guid>BC4E6FA8-CCA1-A582-C9AC-5D9E0E57F699</ns3:Guid></ns3:Item><ns3:Item><ns3:Name>G1000005024-DEV07</ns3:Name><ns3:Guid>98FCE2BE-D939-20AE-68A9-8D6B51A17FEB</ns3:Guid></ns3:Item><ns3:Item><ns3:Name>G1000005028-DEV07</ns3:Name><ns3:Guid>0A5776F8-A54F-4C97-0A70-BFD64F595FD7</ns3:Guid></ns3:Item></ns2:result></ns2:GetOrderItemNamesByProviderOrderResponse></SOAP-ENV:Body></SOAP-ENV:Envelope>
    http_version:
  recorded_at: Wed, 15 Feb 2017 14:41:50 GMT
- request:
    method: post
    uri: https://testbed.echo.nasa.gov/echo-v10/OrderManagementServicePortImpl
    body:
      encoding: UTF-8
      string: <?xml version="1.0" encoding="UTF-8"?><SOAP-ENV:Envelope xmlns:SOAP-ENV="http://schemas.xmlsoap.org/soap/envelope/"
        xmlns:xsd="http://www.w3.org/2001/XMLSchema" xmlns:xsi="http://www.w3.org/2001/XMLSchema-instance"><SOAP-ENV:Header/><SOAP-ENV:Body><ns2:GetOrderItems
        xmlns:ns2="http://echo.nasa.gov/echo/v10" xmlns:ns3="http://echo.nasa.gov/echo/v10/types"
        xmlns:ns4="http://echo.nasa.gov/ingest/v10"><ns2:token>user_guid</ns2:token><ns2:orderItemGuids><ns3:Item>BC4E6FA8-CCA1-A582-C9AC-5D9E0E57F699</ns3:Item><ns3:Item>98FCE2BE-D939-20AE-68A9-8D6B51A17FEB</ns3:Item><ns3:Item>0A5776F8-A54F-4C97-0A70-BFD64F595FD7</ns3:Item></ns2:orderItemGuids></ns2:GetOrderItems><to_str/></SOAP-ENV:Body></SOAP-ENV:Envelope>
    headers:
      User-Agent:
      - Faraday v0.8.11
      Content-Type:
      - text/xml
  response:
    status:
      code: 200
      message:
    headers:
      strict-transport-security:
      - max-age=31536000
      date:
      - Wed, 15 Feb 2017 14:41:49 GMT
      accept:
      - text/xml, text/html, image/gif, image/jpeg, *; q=.2, */*; q=.2
      soapaction:
      - '""'
      content-type:
      - text/xml; charset=UTF-8
      content-length:
      - '5179'
      server:
      - Jetty(9.2.z-SNAPSHOT)
      connection:
      - close
    body:
      encoding: UTF-8
      string: <SOAP-ENV:Envelope xmlns:SOAP-ENV="http://schemas.xmlsoap.org/soap/envelope/"><SOAP-ENV:Header/><SOAP-ENV:Body><ns2:GetOrderItemsResponse
        xmlns:ns2="http://echo.nasa.gov/echo/v10" xmlns:ns3="http://echo.nasa.gov/echo/v10/types"
        xmlns:ns4="http://echo.nasa.gov/echo/v10/faults"><ns2:result><ns3:Item><ns3:Guid>BC4E6FA8-CCA1-A582-C9AC-5D9E0E57F699</ns3:Guid><ns3:ItemGuid>G1000005034-DEV07</ns3:ItemGuid><ns3:QuantityOrdered>1</ns3:QuantityOrdered><ns3:OptionSelection><ns3:Guid>7E47401F-FA1C-FE07-2A1C-0DBE91366B06</ns3:Guid><ns3:Name>GLAH09.33
        Order</ns3:Name><ns3:Content>&lt;ecs:options xmlns:ecs="http://ecs.nasa.gov/options"&gt;&lt;ecs:distribution
        xmlns="http://ecs.nasa.gov/options"&gt;&lt;ecs:mediatype&gt;&lt;ecs:value&gt;FtpPull&lt;/ecs:value&gt;&lt;/ecs:mediatype&gt;&lt;ecs:mediaformat&gt;&lt;ecs:ftppull-format&gt;&lt;ecs:value&gt;FILEFORMAT&lt;/ecs:value&gt;&lt;/ecs:ftppull-format&gt;&lt;ecs:ftppush-format&gt;&lt;ecs:value&gt;FILEFORMAT&lt;/ecs:value&gt;&lt;/ecs:ftppush-format&gt;&lt;/ecs:mediaformat&gt;&lt;/ecs:distribution&gt;&lt;ecs:ancillary
        xmlns="http://ecs.nasa.gov/options"&gt;&lt;ecs:orderPH&gt;false&lt;/ecs:orderPH&gt;&lt;ecs:orderQA&gt;false&lt;/ecs:orderQA&gt;&lt;ecs:orderHDF_MAP&gt;false&lt;/ecs:orderHDF_MAP&gt;&lt;ecs:orderBrowse&gt;false&lt;/ecs:orderBrowse&gt;&lt;/ecs:ancillary&gt;&lt;/ecs:options&gt;</ns3:Content></ns3:OptionSelection><ns3:OrderItemDetail><ns3:OwningProviderOrderGuid><ns3:ProviderGuid>1282C3FE-6892-81C3-A86B-594FDCC13AF3</ns3:ProviderGuid><ns3:OrderGuid>test_order_guid</ns3:OrderGuid></ns3:OwningProviderOrderGuid><ns3:State>NOT_SET</ns3:State><ns3:GranuleUR>SC:GLAH09.033:93581</ns3:GranuleUR><ns3:ProducerGranuleId>GLAH09_633_2111_001_1261_0_01_0001.H5</ns3:ProducerGranuleId><ns3:DatasetId>GLAS/ICESat
        L2 Global Cloud Heights for Multi-layer Clouds (HDF5) V033</ns3:DatasetId></ns3:OrderItemDetail></ns3:Item><ns3:Item><ns3:Guid>98FCE2BE-D939-20AE-68A9-8D6B51A17FEB</ns3:Guid><ns3:ItemGuid>G1000005024-DEV07</ns3:ItemGuid><ns3:QuantityOrdered>1</ns3:QuantityOrdered><ns3:OptionSelection><ns3:Guid>7E47401F-FA1C-FE07-2A1C-0DBE91366B06</ns3:Guid><ns3:Name>GLAH09.33
        Order</ns3:Name><ns3:Content>&lt;ecs:options xmlns:ecs="http://ecs.nasa.gov/options"&gt;&lt;ecs:distribution
        xmlns="http://ecs.nasa.gov/options"&gt;&lt;ecs:mediatype&gt;&lt;ecs:value&gt;FtpPull&lt;/ecs:value&gt;&lt;/ecs:mediatype&gt;&lt;ecs:mediaformat&gt;&lt;ecs:ftppull-format&gt;&lt;ecs:value&gt;FILEFORMAT&lt;/ecs:value&gt;&lt;/ecs:ftppull-format&gt;&lt;ecs:ftppush-format&gt;&lt;ecs:value&gt;FILEFORMAT&lt;/ecs:value&gt;&lt;/ecs:ftppush-format&gt;&lt;/ecs:mediaformat&gt;&lt;/ecs:distribution&gt;&lt;ecs:ancillary
        xmlns="http://ecs.nasa.gov/options"&gt;&lt;ecs:orderPH&gt;false&lt;/ecs:orderPH&gt;&lt;ecs:orderQA&gt;false&lt;/ecs:orderQA&gt;&lt;ecs:orderHDF_MAP&gt;false&lt;/ecs:orderHDF_MAP&gt;&lt;ecs:orderBrowse&gt;false&lt;/ecs:orderBrowse&gt;&lt;/ecs:ancillary&gt;&lt;/ecs:options&gt;</ns3:Content></ns3:OptionSelection><ns3:OrderItemDetail><ns3:OwningProviderOrderGuid><ns3:ProviderGuid>1282C3FE-6892-81C3-A86B-594FDCC13AF3</ns3:ProviderGuid><ns3:OrderGuid>test_order_guid</ns3:OrderGuid></ns3:OwningProviderOrderGuid><ns3:State>NOT_SET</ns3:State><ns3:GranuleUR>SC:GLAH09.033:93583</ns3:GranuleUR><ns3:ProducerGranuleId>GLAH09_633_2111_001_1247_0_01_0001.H5</ns3:ProducerGranuleId><ns3:DatasetId>GLAS/ICESat
        L2 Global Cloud Heights for Multi-layer Clouds (HDF5) V033</ns3:DatasetId></ns3:OrderItemDetail></ns3:Item><ns3:Item><ns3:Guid>0A5776F8-A54F-4C97-0A70-BFD64F595FD7</ns3:Guid><ns3:ItemGuid>G1000005028-DEV07</ns3:ItemGuid><ns3:QuantityOrdered>1</ns3:QuantityOrdered><ns3:OptionSelection><ns3:Guid>7E47401F-FA1C-FE07-2A1C-0DBE91366B06</ns3:Guid><ns3:Name>GLAH09.33
        Order</ns3:Name><ns3:Content>&lt;ecs:options xmlns:ecs="http://ecs.nasa.gov/options"&gt;&lt;ecs:distribution
        xmlns="http://ecs.nasa.gov/options"&gt;&lt;ecs:mediatype&gt;&lt;ecs:value&gt;FtpPull&lt;/ecs:value&gt;&lt;/ecs:mediatype&gt;&lt;ecs:mediaformat&gt;&lt;ecs:ftppull-format&gt;&lt;ecs:value&gt;FILEFORMAT&lt;/ecs:value&gt;&lt;/ecs:ftppull-format&gt;&lt;ecs:ftppush-format&gt;&lt;ecs:value&gt;FILEFORMAT&lt;/ecs:value&gt;&lt;/ecs:ftppush-format&gt;&lt;/ecs:mediaformat&gt;&lt;/ecs:distribution&gt;&lt;ecs:ancillary
        xmlns="http://ecs.nasa.gov/options"&gt;&lt;ecs:orderPH&gt;false&lt;/ecs:orderPH&gt;&lt;ecs:orderQA&gt;false&lt;/ecs:orderQA&gt;&lt;ecs:orderHDF_MAP&gt;false&lt;/ecs:orderHDF_MAP&gt;&lt;ecs:orderBrowse&gt;false&lt;/ecs:orderBrowse&gt;&lt;/ecs:ancillary&gt;&lt;/ecs:options&gt;</ns3:Content></ns3:OptionSelection><ns3:OrderItemDetail><ns3:OwningProviderOrderGuid><ns3:ProviderGuid>1282C3FE-6892-81C3-A86B-594FDCC13AF3</ns3:ProviderGuid><ns3:OrderGuid>test_order_guid</ns3:OrderGuid></ns3:OwningProviderOrderGuid><ns3:State>CANCELLED</ns3:State><ns3:GranuleUR>SC:GLAH09.033:93587</ns3:GranuleUR><ns3:ProducerGranuleId>GLAH09_633_2107_002_0113_0_01_0001.H5</ns3:ProducerGranuleId><ns3:DatasetId>GLAS/ICESat
        L2 Global Cloud Heights for Multi-layer Clouds (HDF5) V033</ns3:DatasetId></ns3:OrderItemDetail></ns3:Item></ns2:result></ns2:GetOrderItemsResponse></SOAP-ENV:Body></SOAP-ENV:Envelope>
    http_version:
  recorded_at: Wed, 15 Feb 2017 14:41:50 GMT
recorded_with: VCR 3.0.1
